python : C:\Users\damj
a\AppData\Local\Progra
ms\Python\Python311\py
thon.exe: can't open 
file 'F:\\my_projects\
\document-segmenter\\a
pp\\app\\test_ocr_logi
c.py': [Errno 2] No 
such file or directory
At line:1 char:1
+ python 
app/test_ocr_logic.py 
> test_log.txt 2>&1
+ ~~~~~~~~~~~~~~~~~~~~
~~~~~~~~~~~~~~~~~~~~~~
~~~~~~
    + CategoryInfo    
          : NotSpeci  
  fied: (C:\Users\d   
 amja\...le or dir    
ectory:String) []    
, RemoteException
    + FullyQualifiedE 
   rrorId : NativeCo  
  mmandError
 
